---
source: backend/src/lang/preprocess/parse/tests.rs
expression: "parse(r#\"#define A(B, C) \"B C\"\"#)"
---
Ok(
    Tree(
        [
            (
                Directive(
                    Define(
                        "A",
                        Some(
                            {
                                "B",
                                "C",
                            },
                        ),
                        Macro(
                            [
                                (
                                    Single(
                                        (
                                            QuotedString(
                                                "B C",
                                            ),
                                            Span {
                                                source: Source(
                                                    "test.event",
                                                ),
                                                span: Position {
                                                    offset: 16,
                                                    row: 0,
                                                    col: 16,
                                                }..Position {
                                                    offset: 21,
                                                    row: 0,
                                                    col: 21,
                                                },
                                            },
                                        ),
                                    ),
                                    Span {
                                        source: Source(
                                            "test.event",
                                        ),
                                        span: Position {
                                            offset: 15,
                                            row: 0,
                                            col: 15,
                                        }..Position {
                                            offset: 21,
                                            row: 0,
                                            col: 21,
                                        },
                                    },
                                ),
                            ],
                        ),
                    ),
                ),
                Span {
                    source: Source(
                        "test.event",
                    ),
                    span: Position {
                        offset: 0,
                        row: 0,
                        col: 0,
                    }..Position {
                        offset: 22,
                        row: 1,
                        col: 0,
                    },
                },
            ),
        ],
    ),
)
