---
source: backend/src/lang/parse/preprocess/tests.rs
expression: "parse(r#\"MESSAGE this message / /* contains */ // comments\"#)"
---
Ok(
    Tree(
        [
            (
                Message(
                    S(
                        [
                            Text(
                                "this message /",
                            ),
                        ],
                    ),
                ),
                0..50,
            ),
        ],
    ),
)
